[FE6jPnAZmlXf#0] ^però/però<cnjcoo>$
[/FE6jPnAZmlXf]
