[FE6jPnAZmlXf#0] ^per√≤<cnjcoo>/pero<cnjcoo>/$
[/FE6jPnAZmlXf]
