[47DEQpj8HBSa#0] Grep tests
apertium-spa-cat.spa-cat.metadix:<e r="LR" c="'que' que s'afegeix perquè no en castellà no hi és"><p><l>que<b/><s n="cnjsub"/></l><r>que<b/><s n="cnjsub"/></r></p></e>
[/47DEQpj8HBSa]
