[DbnffY5_8krl#0] ^pero/pero<cnjcoo>$
[/DbnffY5_8krl]
