[DbnffY5_8krl#0] ^però<cnjcoo>/però$
[/DbnffY5_8krl]
